[INFO] Scanning for projects...
[INFO] 
[INFO] ----------------------< com.saerp:saerp-backend >-----------------------
[INFO] Building SAERP Backend 1.0.0
[INFO]   from pom.xml
[INFO] --------------------------------[ jar ]---------------------------------
[INFO] 
[INFO] --- clean:3.3.2:clean (default-clean) @ saerp-backend ---
[INFO] Deleting C:\Users\gokulbtech\OneDrive\Desktop\Project\miniproject\backend\target
[INFO] 
[INFO] --- resources:3.3.1:resources (default-resources) @ saerp-backend ---
[INFO] Copying 2 resources from src\main\resources to target\classes
[INFO] Copying 1 resource from src\main\resources to target\classes
[INFO] 
[INFO] --- compiler:3.11.0:compile (default-compile) @ saerp-backend ---
[INFO] Changes detected - recompiling the module! :source
[INFO] Compiling 59 source files with javac [debug release 17] to target\classes
[INFO] Annotation processing is enabled because one or more processors were found
  on the class path. A future release of javac may disable annotation processing
  unless at least one processor is specified by name (-processor), or a search
  path is specified (--processor-path, --processor-module-path), or annotation
  processing is enabled explicitly (-proc:only, -proc:full).
  Use -Xlint:-options to suppress this message.
  Use -proc:none to disable annotation processing.
[INFO] -------------------------------------------------------------
[WARNING] COMPILATION WARNING : 
[INFO] -------------------------------------------------------------
[WARNING] /C:/Users/gokulbtech/OneDrive/Desktop/Project/miniproject/backend/src/main/java/com/saerp/entity/Result.java:[33,24] @Builder will ignore the initializing expression entirely. If you want the initializing expression to serve as default, add @Builder.Default. If it is not supposed to be settable during building, make the field final.
[WARNING] /C:/Users/gokulbtech/OneDrive/Desktop/Project/miniproject/backend/src/main/java/com/saerp/entity/Result.java:[39,20] @Builder will ignore the initializing expression entirely. If you want the initializing expression to serve as default, add @Builder.Default. If it is not supposed to be settable during building, make the field final.
[WARNING] /C:/Users/gokulbtech/OneDrive/Desktop/Project/miniproject/backend/src/main/java/com/saerp/entity/ResultChain.java:[41,21] @Builder will ignore the initializing expression entirely. If you want the initializing expression to serve as default, add @Builder.Default. If it is not supposed to be settable during building, make the field final.
[WARNING] /C:/Users/gokulbtech/OneDrive/Desktop/Project/miniproject/backend/src/main/java/com/saerp/entity/AnswerSheetId.java:[36,20] @Builder will ignore the initializing expression entirely. If you want the initializing expression to serve as default, add @Builder.Default. If it is not supposed to be settable during building, make the field final.
[WARNING] /C:/Users/gokulbtech/OneDrive/Desktop/Project/miniproject/backend/src/main/java/com/saerp/entity/Marks.java:[29,24] @Builder will ignore the initializing expression entirely. If you want the initializing expression to serve as default, add @Builder.Default. If it is not supposed to be settable during building, make the field final.
[WARNING] /C:/Users/gokulbtech/OneDrive/Desktop/Project/miniproject/backend/src/main/java/com/saerp/entity/User.java:[33,21] @Builder will ignore the initializing expression entirely. If you want the initializing expression to serve as default, add @Builder.Default. If it is not supposed to be settable during building, make the field final.
[INFO] 6 warnings 
[INFO] -------------------------------------------------------------
[INFO] -------------------------------------------------------------
[ERROR] COMPILATION ERROR : 
[INFO] -------------------------------------------------------------
[ERROR] /C:/Users/gokulbtech/OneDrive/Desktop/Project/miniproject/backend/src/main/java/com/saerp/security/SecurityConfig.java:[37,52] cannot find symbol
  symbol:   method corsConfigurationSource()
  location: class com.saerp.security.SecurityConfig
[INFO] 1 error
[INFO] -------------------------------------------------------------
[INFO] ------------------------------------------------------------------------
[INFO] BUILD FAILURE
[INFO] ------------------------------------------------------------------------
[INFO] Total time:  15.717 s
[INFO] Finished at: 2026-03-10T10:53:30+05:30
[INFO] ------------------------------------------------------------------------
[ERROR] Failed to execute goal org.apache.maven.plugins:maven-compiler-plugin:3.11.0:compile (default-compile) on project saerp-backend: Compilation failure
[ERROR] /C:/Users/gokulbtech/OneDrive/Desktop/Project/miniproject/backend/src/main/java/com/saerp/security/SecurityConfig.java:[37,52] cannot find symbol
[ERROR]   symbol:   method corsConfigurationSource()
[ERROR]   location: class com.saerp.security.SecurityConfig
[ERROR] -> [Help 1]
[ERROR] 
[ERROR] To see the full stack trace of the errors, re-run Maven with the -e switch.
[ERROR] Re-run Maven using the -X switch to enable full debug logging.
[ERROR] 
[ERROR] For more information about the errors and possible solutions, please read the following articles:
[ERROR] [Help 1] http://cwiki.apache.org/confluence/display/MAVEN/MojoFailureException
